(node:12300) [MODULE_TYPELESS_PACKAGE_JSON] Warning: Module type of file:///C:/Users/User/Desktop/smartfund-v2/scripts/etf-holdings-engine-final-gate.ts is not specified and it doesn't parse as CommonJS.
Reparsing as ES module because module syntax was detected. This incurs a performance overhead.
To eliminate this warning, add "type": "module" to \\?\C:\Users\User\Desktop\smartfund-v2\package.json.
(Use `node --trace-warnings ...` to show where the warning was created)
[progress] Cathay done (41 tickers)
[progress] JPMorgan done (2 tickers)
[progress] Allianz done (3 tickers)
[progress] UPAMC done (11 tickers)
[progress] AB done (3 tickers)
[progress] Fubon done (51 tickers)
[progress] CTBC done (36 tickers)
[progress] KGI done (18 tickers)
[progress] First done (6 tickers)
[progress] FHT done (21 tickers)
[progress] SinoPac done (13 tickers)
[progress] Yuanta done (54 tickers)
[progress] Capital done (27 tickers)
[progress] Mega done (9 tickers)
[progress] Taishin done (21 tickers)
[progress] Nomura done (11 tickers)
[progress] BlackRock done (4 tickers)
